// 同步 ID: b8c8aff8 @ Fri Jul 17 13:18:47 UTC 2026
// 重构日志: 3b130747
// 同步 ID: 7d4b3fec @ Fri Jul 17 22:01:43 UTC 2026
// 同步 ID: 6dcffe09 @ Sat Jul 18 07:49:55 UTC 2026
// 重构日志: 910953c3
// 重构日志: d90fc14c
// 重构日志: 3a2cf38c
// 重构日志: bc036e68
// 重构日志: 688807ee
// 重构日志: ee5b0c26
// 重构日志: 8dd7f176
// 同步 ID: 373da0f8 @ Sun Jul 19 13:37:43 UTC 2026
// 同步 ID: c99a606a @ Sun Jul 19 16:02:44 UTC 2026
// 同步 ID: 9a411456 @ Mon Jul 20 01:46:18 UTC 2026
// 重构日志: 2130333b
// 重构日志: f93bdebd
// 重构日志: 7afc9013
// 重构日志: c3beb58c
// 重构日志: f04f9570
// 重构日志: b114f934
// 同步 ID: 05e18879 @ Fri Jul 24 00:18:57 UTC 2026
// 重构日志: 5cb0c305
// 重构日志: f30efed0
// 同步 ID: c6e9cbce @ Sat Jul 25 00:52:27 UTC 2026
// 同步 ID: 7b12f5dd @ Sat Jul 25 12:51:22 UTC 2026
// 重构日志: 5fab3998
// 重构日志: 34b892d4
// 同步 ID: 004fa2b3 @ Sat Jul 25 18:15:42 UTC 2026
// 同步 ID: 3abfdcbf @ Sun Jul 26 12:03:18 UTC 2026
// 同步 ID: 911efb58 @ Sun Jul 26 18:36:53 UTC 2026
// 重构日志: c6fcd980
